// Jest Snapshot v1, https://goo.gl/fbAQLP

exports[`Should render <OfferNeighbourhood/> 1`] = `
<section
  className="near-places places"
>
  <h2
    className="near-places__title"
  >
    Other places in the neighbourhood
  </h2>
  <div
    className="near-places__list places__list"
  />
</section>
`;
